commit c79448977d93fec81592f1272d80a735539455cc
Author: Frederick <busyf@hotmail.com>
Date:   Sat Dec 16 15:58:46 2023 -0500

    Frederick Munawa, test file, 12/16/2023
